==================================================
   LRDE Tiger Compiler 1.91.b: ./test-suite.log
==================================================

# TOTAL: 16
# PASS:  14
# SKIP:  0
# XFAIL: 0
# FAIL:  2
# XPASS: 0
# ERROR: 0

.. contents:: :depth: 2

FAIL: src/parse/test-parse
==========================

FAIL src/parse/test-parse (exit status: 139)

FAIL: src/object/test-parse
===========================

:1.4:syntax error, unexpected class, expecting in
FAIL src/object/test-parse (exit status: 139)

